\set ECHO none
NOTICE:  CREATE EXTENSION pg_mockable WITH VERSION '0.3.2' CASCADE
NOTICE:  CALL mockable.test__pg_mockable()
NOTICE:  DROP EXTENSION pg_mockable CASCADE
NOTICE:  CREATE EXTENSION pg_mockable WITH VERSION '0.3.0' CASCADE
NOTICE:  ALTER EXTENSION pg_mockable UPDATE TO '0.3.2'
NOTICE:  CALL mockable.test__pg_mockable()
NOTICE:  DROP EXTENSION pg_mockable CASCADE
NOTICE:  CREATE EXTENSION pg_mockable WITH VERSION '0.1.0' CASCADE
NOTICE:  ALTER EXTENSION pg_mockable UPDATE TO '0.3.2'
NOTICE:  CALL mockable.test__pg_mockable()
NOTICE:  DROP EXTENSION pg_mockable CASCADE
NOTICE:  CREATE EXTENSION pg_mockable WITH VERSION '0.2.0' CASCADE
NOTICE:  ALTER EXTENSION pg_mockable UPDATE TO '0.3.2'
NOTICE:  CALL mockable.test__pg_mockable()
NOTICE:  DROP EXTENSION pg_mockable CASCADE
NOTICE:  CREATE EXTENSION pg_mockable WITH VERSION '0.1.9' CASCADE
NOTICE:  ALTER EXTENSION pg_mockable UPDATE TO '0.3.2'
NOTICE:  CALL mockable.test__pg_mockable()
NOTICE:  DROP EXTENSION pg_mockable CASCADE
NOTICE:  CREATE EXTENSION pg_mockable WITH VERSION '0.3.1' CASCADE
NOTICE:  ALTER EXTENSION pg_mockable UPDATE TO '0.3.2'
NOTICE:  CALL mockable.test__pg_mockable()
NOTICE:  DROP EXTENSION pg_mockable CASCADE
